  .   ____          _            __ _ _
 /\\ / ___'_ __ _ _(_)_ __  __ _ \ \ \ \
( ( )\___ | '_ | '_| | '_ \/ _` | \ \ \ \
 \\/  ___)| |_)| | | | | || (_| |  ) ) ) )
  '  |____| .__|_| |_|_| |_\__, | / / / /
 =========|_|==============|___/=/_/_/_/

 :: Spring Boot ::                (v3.3.0)

2026-08-04T11:49:07.531+05:30  INFO 28908 --- [campusforge-backend] [           main] c.c.b.CampusForgeBackendApplication      : Starting CampusForgeBackendApplication v0.0.1-SNAPSHOT using Java 21.0.12 with PID 28908 (C:\Users\student\Desktop\thingamamagicthegathering\2026-08-02 mtgoffline\backend\target\campusforge-backend-0.0.1-SNAPSHOT.jar started by student in C:\Users\student\Desktop\thingamamagicthegathering\2026-08-02 mtgoffline\backend)
2026-08-04T11:49:07.533+05:30  INFO 28908 --- [campusforge-backend] [           main] c.c.b.CampusForgeBackendApplication      : No active profile set, falling back to 1 default profile: "default"
2026-08-04T11:49:08.256+05:30  INFO 28908 --- [campusforge-backend] [           main] .s.d.r.c.RepositoryConfigurationDelegate : Bootstrapping Spring Data JPA repositories in DEFAULT mode.
2026-08-04T11:49:08.318+05:30  INFO 28908 --- [campusforge-backend] [           main] .s.d.r.c.RepositoryConfigurationDelegate : Finished Spring Data repository scanning in 53 ms. Found 14 JPA repository interfaces.
2026-08-04T11:49:08.847+05:30  INFO 28908 --- [campusforge-backend] [           main] o.s.b.w.embedded.tomcat.TomcatWebServer  : Tomcat initialized with port 17172 (http)
2026-08-04T11:49:08.858+05:30  INFO 28908 --- [campusforge-backend] [           main] o.apache.catalina.core.StandardService   : Starting service [Tomcat]
2026-08-04T11:49:08.859+05:30  INFO 28908 --- [campusforge-backend] [           main] o.apache.catalina.core.StandardEngine    : Starting Servlet engine: [Apache Tomcat/10.1.24]
2026-08-04T11:49:08.882+05:30  INFO 28908 --- [campusforge-backend] [           main] o.a.c.c.C.[Tomcat].[localhost].[/]       : Initializing Spring embedded WebApplicationContext
2026-08-04T11:49:08.882+05:30  INFO 28908 --- [campusforge-backend] [           main] w.s.c.ServletWebServerApplicationContext : Root WebApplicationContext: initialization completed in 1297 ms
2026-08-04T11:49:09.136+05:30  INFO 28908 --- [campusforge-backend] [           main] com.zaxxer.hikari.HikariDataSource       : HikariPool-1 - Starting...
2026-08-04T11:49:09.312+05:30  INFO 28908 --- [campusforge-backend] [           main] com.zaxxer.hikari.pool.HikariPool        : HikariPool-1 - Added connection org.postgresql.jdbc.PgConnection@37775bb1
2026-08-04T11:49:09.315+05:30  INFO 28908 --- [campusforge-backend] [           main] com.zaxxer.hikari.HikariDataSource       : HikariPool-1 - Start completed.
2026-08-04T11:49:09.341+05:30  INFO 28908 --- [campusforge-backend] [           main] org.flywaydb.core.FlywayExecutor         : Database: jdbc:postgresql://localhost:5432/campusforge (PostgreSQL 18.4)
2026-08-04T11:49:09.343+05:30  WARN 28908 --- [campusforge-backend] [           main] o.f.c.internal.database.base.Database    : Flyway upgrade recommended: PostgreSQL 18.4 is newer than this version of Flyway and support has not been tested. The latest supported version of PostgreSQL is 16.
2026-08-04T11:49:09.383+05:30  INFO 28908 --- [campusforge-backend] [           main] o.f.core.internal.command.DbValidate     : Successfully validated 12 migrations (execution time 00:00.028s)
2026-08-04T11:49:09.418+05:30  INFO 28908 --- [campusforge-backend] [           main] o.f.core.internal.command.DbMigrate      : Current version of schema "public": 12
2026-08-04T11:49:09.420+05:30  INFO 28908 --- [campusforge-backend] [           main] o.f.core.internal.command.DbMigrate      : Schema "public" is up to date. No migration necessary.
2026-08-04T11:49:09.479+05:30  INFO 28908 --- [campusforge-backend] [           main] o.hibernate.jpa.internal.util.LogHelper  : HHH000204: Processing PersistenceUnitInfo [name: default]
2026-08-04T11:49:09.514+05:30  INFO 28908 --- [campusforge-backend] [           main] org.hibernate.Version                    : HHH000412: Hibernate ORM core version 6.5.2.Final
2026-08-04T11:49:09.561+05:30  INFO 28908 --- [campusforge-backend] [           main] o.h.c.internal.RegionFactoryInitiator    : HHH000026: Second-level cache disabled
2026-08-04T11:49:09.743+05:30  INFO 28908 --- [campusforge-backend] [           main] o.s.o.j.p.SpringPersistenceUnitInfo      : No LoadTimeWeaver setup: ignoring JPA class transformer
2026-08-04T11:49:09.760+05:30  WARN 28908 --- [campusforge-backend] [           main] org.hibernate.orm.deprecation            : HHH90000025: PostgreSQLDialect does not need to be specified explicitly using 'hibernate.dialect' (remove the property setting and it will be selected by default)
2026-08-04T11:49:10.499+05:30  INFO 28908 --- [campusforge-backend] [           main] o.h.e.t.j.p.i.JtaPlatformInitiator       : HHH000489: No JTA platform available (set 'hibernate.transaction.jta.platform' to enable JTA platform integration)
2026-08-04T11:49:10.527+05:30  INFO 28908 --- [campusforge-backend] [           main] j.LocalContainerEntityManagerFactoryBean : Initialized JPA EntityManagerFactory for persistence unit 'default'
2026-08-04T11:49:10.834+05:30  INFO 28908 --- [campusforge-backend] [           main] r$InitializeUserDetailsManagerConfigurer : Global AuthenticationManager configured with UserDetailsService bean with name playerUserDetailsService
2026-08-04T11:49:10.908+05:30  INFO 28908 --- [campusforge-backend] [           main] o.s.d.j.r.query.QueryEnhancerFactory     : Hibernate is in classpath; If applicable, HQL parser will be used.
Language 'en-US' loaded successfully.
(ThreadUtil first call): Running with priority 5
Read cards: 33529 files in 1 ms (25 parts) using thread pool
Read cards: 833 files in 0 ms (8 parts) using thread pool
2026-08-04T11:49:15.062+05:30  INFO 28908 --- [campusforge-backend] [           main] c.c.backend.battle.ForgeEngineBootstrap  : Forge engine ready in 3601 ms
2026-08-04T11:49:15.176+05:30  WARN 28908 --- [campusforge-backend] [           main] JpaBaseConfiguration$JpaWebConfiguration : spring.jpa.open-in-view is enabled by default. Therefore, database queries may be performed during view rendering. Explicitly configure spring.jpa.open-in-view to disable this warning
2026-08-04T11:49:15.383+05:30  INFO 28908 --- [campusforge-backend] [           main] o.s.s.web.DefaultSecurityFilterChain     : Will secure any request with [org.springframework.security.web.session.DisableEncodeUrlFilter@5c72e534, org.springframework.security.web.context.request.async.WebAsyncManagerIntegrationFilter@406794af, org.springframework.security.web.context.SecurityContextHolderFilter@35fe64ca, org.springframework.security.web.header.HeaderWriterFilter@389ae8f1, org.springframework.web.filter.CorsFilter@302f535b, org.springframework.security.web.authentication.logout.LogoutFilter@34a5dc29, com.campusforge.backend.security.JwtAuthenticationFilter@6a2b6031, org.springframework.security.web.savedrequest.RequestCacheAwareFilter@3217aada, org.springframework.security.web.servletapi.SecurityContextHolderAwareRequestFilter@70900474, org.springframework.security.web.authentication.AnonymousAuthenticationFilter@3d3efa54, org.springframework.security.web.session.SessionManagementFilter@46b0fb24, org.springframework.security.web.access.ExceptionTranslationFilter@414c2c8c, org.springframework.security.web.access.intercept.AuthorizationFilter@e124366]
2026-08-04T11:49:15.526+05:30  INFO 28908 --- [campusforge-backend] [           main] o.s.b.w.embedded.tomcat.TomcatWebServer  : Tomcat started on port 17172 (http) with context path '/'
2026-08-04T11:49:15.526+05:30  INFO 28908 --- [campusforge-backend] [           main] o.s.m.s.b.SimpleBrokerMessageHandler     : Starting...
2026-08-04T11:49:15.526+05:30  INFO 28908 --- [campusforge-backend] [           main] o.s.m.s.b.SimpleBrokerMessageHandler     : BrokerAvailabilityEvent[available=true, SimpleBrokerMessageHandler [org.springframework.messaging.simp.broker.DefaultSubscriptionRegistry@2b710d92]]
2026-08-04T11:49:15.526+05:30  INFO 28908 --- [campusforge-backend] [           main] o.s.m.s.b.SimpleBrokerMessageHandler     : Started.
2026-08-04T11:49:15.545+05:30  INFO 28908 --- [campusforge-backend] [           main] c.c.b.CampusForgeBackendApplication      : Started CampusForgeBackendApplication in 8.283 seconds (process running for 8.726)
Hibernate: select c1_0.id from cards c1_0 where c1_0.oracle_id=? fetch first ? rows only
Hibernate: select c1_0.id from cards c1_0 where c1_0.oracle_id=? fetch first ? rows only
Hibernate: select c1_0.id from cards c1_0 where c1_0.oracle_id=? fetch first ? rows only
Hibernate: select c1_0.id from cards c1_0 where c1_0.oracle_id=? fetch first ? rows only
Hibernate: select c1_0.id from cards c1_0 where c1_0.oracle_id=? fetch first ? rows only
Hibernate: select c1_0.id from cards c1_0 where c1_0.oracle_id=? fetch first ? rows only
Hibernate: select c1_0.id from cards c1_0 where c1_0.oracle_id=? fetch first ? rows only
Hibernate: select c1_0.id from cards c1_0 where c1_0.oracle_id=? fetch first ? rows only
Hibernate: select c1_0.id from cards c1_0 where c1_0.oracle_id=? fetch first ? rows only
Hibernate: select c1_0.id from cards c1_0 where c1_0.oracle_id=? fetch first ? rows only
Hibernate: select c1_0.id from cards c1_0 where c1_0.oracle_id=? fetch first ? rows only
Hibernate: select c1_0.id from cards c1_0 where c1_0.oracle_id=? fetch first ? rows only
Hibernate: select c1_0.id from cards c1_0 where c1_0.oracle_id=? fetch first ? rows only
Hibernate: select c1_0.id from cards c1_0 where c1_0.oracle_id=? fetch first ? rows only
Hibernate: select c1_0.id from cards c1_0 where c1_0.oracle_id=? fetch first ? rows only
Hibernate: select f1_0.id,f1_0.basics_unlimited,f1_0.code,f1_0.commander_required,f1_0.max_copies,f1_0.max_deck_size,f1_0.min_deck_size,f1_0.name from formats f1_0
Hibernate: select count(*) from card_legalities cl1_0
2026-08-04T11:49:15.630+05:30  INFO 28908 --- [campusforge-backend] [           main] c.c.backend.config.FormatLegalSeeder     : Card legalities already seeded, skipping.
Hibernate: select count(*) from cards c1_0
Hibernate: select count(*) from cards c1_0
2026-08-04T11:49:15.634+05:30  INFO 28908 --- [campusforge-backend] [           main] c.c.backend.config.CardCatalogSeeder     : Card catalog already seeded (31 cards), skipping.
2026-08-04T11:50:15.532+05:30  INFO 28908 --- [campusforge-backend] [MessageBroker-1] o.s.w.s.c.WebSocketMessageBrokerStats    : WebSocketSession[0 current WS(0)-HttpStream(0)-HttpPoll(0), 0 total, 0 closed abnormally (0 connect failure, 0 send limit, 0 transport error)], stompSubProtocol[processed CONNECT(0)-CONNECTED(0)-DISCONNECT(0)], stompBrokerRelay[null], inboundChannel[pool size = 0, active threads = 0, queued tasks = 0, completed tasks = 0], outboundChannel[pool size = 0, active threads = 0, queued tasks = 0, completed tasks = 0], sockJsScheduler[pool size = 1, active threads = 1, queued tasks = 0, completed tasks = 0]
2026-08-04T11:51:18.416+05:30  INFO 28908 --- [campusforge-backend] [io-17172-exec-1] o.a.c.c.C.[Tomcat].[localhost].[/]       : Initializing Spring DispatcherServlet 'dispatcherServlet'
2026-08-04T11:51:18.416+05:30  INFO 28908 --- [campusforge-backend] [io-17172-exec-1] o.s.web.servlet.DispatcherServlet        : Initializing Servlet 'dispatcherServlet'
2026-08-04T11:51:18.416+05:30  INFO 28908 --- [campusforge-backend] [io-17172-exec-1] o.s.web.servlet.DispatcherServlet        : Completed initialization in 0 ms
2026-08-04T11:51:18.428+05:30 DEBUG 28908 --- [campusforge-backend] [io-17172-exec-1] o.s.security.web.FilterChainProxy        : Securing POST /api/v1/auth/login
2026-08-04T11:51:18.428+05:30 DEBUG 28908 --- [campusforge-backend] [io-17172-exec-1] o.s.s.w.a.AnonymousAuthenticationFilter  : Set SecurityContextHolder to anonymous SecurityContext
2026-08-04T11:51:18.428+05:30 DEBUG 28908 --- [campusforge-backend] [io-17172-exec-1] o.s.security.web.FilterChainProxy        : Secured POST /api/v1/auth/login
Hibernate: select p1_0.id,p1_0.avatar,p1_0.banned,p1_0.banned_at,p1_0.created,p1_0.degree_level,p1_0.display_name,p1_0.email,p1_0.experience,p1_0.last_login,p1_0.level,p1_0.password_hash,p1_0.role,p1_0.specialization,p1_0.student_id from players p1_0 where p1_0.email=?
2026-08-04T11:51:18.577+05:30 DEBUG 28908 --- [campusforge-backend] [io-17172-exec-1] o.s.s.a.dao.DaoAuthenticationProvider    : Authenticated user
Hibernate: select p1_0.id,p1_0.avatar,p1_0.banned,p1_0.banned_at,p1_0.created,p1_0.degree_level,p1_0.display_name,p1_0.email,p1_0.experience,p1_0.last_login,p1_0.level,p1_0.password_hash,p1_0.role,p1_0.specialization,p1_0.student_id from players p1_0 where p1_0.email=?
Hibernate: update players set avatar=?,banned=?,banned_at=?,created=?,degree_level=?,display_name=?,email=?,experience=?,last_login=?,level=?,password_hash=?,role=?,specialization=?,student_id=? where id=?
2026-08-04T11:51:51.140+05:30 DEBUG 28908 --- [campusforge-backend] [io-17172-exec-3] o.s.security.web.FilterChainProxy        : Securing POST /api/v1/auth/login
2026-08-04T11:51:51.142+05:30 DEBUG 28908 --- [campusforge-backend] [io-17172-exec-3] o.s.s.w.a.AnonymousAuthenticationFilter  : Set SecurityContextHolder to anonymous SecurityContext
2026-08-04T11:51:51.144+05:30 DEBUG 28908 --- [campusforge-backend] [io-17172-exec-3] o.s.security.web.FilterChainProxy        : Secured POST /api/v1/auth/login
Hibernate: select p1_0.id,p1_0.avatar,p1_0.banned,p1_0.banned_at,p1_0.created,p1_0.degree_level,p1_0.display_name,p1_0.email,p1_0.experience,p1_0.last_login,p1_0.level,p1_0.password_hash,p1_0.role,p1_0.specialization,p1_0.student_id from players p1_0 where p1_0.email=?
2026-08-04T11:51:51.190+05:30 DEBUG 28908 --- [campusforge-backend] [io-17172-exec-3] o.s.s.a.dao.DaoAuthenticationProvider    : Authenticated user
Hibernate: select p1_0.id,p1_0.avatar,p1_0.banned,p1_0.banned_at,p1_0.created,p1_0.degree_level,p1_0.display_name,p1_0.email,p1_0.experience,p1_0.last_login,p1_0.level,p1_0.password_hash,p1_0.role,p1_0.specialization,p1_0.student_id from players p1_0 where p1_0.email=?
Hibernate: update players set avatar=?,banned=?,banned_at=?,created=?,degree_level=?,display_name=?,email=?,experience=?,last_login=?,level=?,password_hash=?,role=?,specialization=?,student_id=? where id=?
2026-08-04T11:51:51.235+05:30 DEBUG 28908 --- [campusforge-backend] [io-17172-exec-4] o.s.security.web.FilterChainProxy        : Securing GET /api/v1/admin/events
Hibernate: select p1_0.id,p1_0.avatar,p1_0.banned,p1_0.banned_at,p1_0.created,p1_0.degree_level,p1_0.display_name,p1_0.email,p1_0.experience,p1_0.last_login,p1_0.level,p1_0.password_hash,p1_0.role,p1_0.specialization,p1_0.student_id from players p1_0 where p1_0.email=?
2026-08-04T11:51:51.273+05:30 DEBUG 28908 --- [campusforge-backend] [io-17172-exec-4] o.s.s.w.access.AccessDeniedHandlerImpl   : Responding with 403 status code
2026-08-04T11:51:51.276+05:30 DEBUG 28908 --- [campusforge-backend] [io-17172-exec-4] o.s.security.web.FilterChainProxy        : Securing GET /error
2026-08-04T11:51:51.276+05:30 DEBUG 28908 --- [campusforge-backend] [io-17172-exec-4] o.s.s.w.a.AnonymousAuthenticationFilter  : Set SecurityContextHolder to anonymous SecurityContext
2026-08-04T11:58:06.542+05:30 DEBUG 28908 --- [campusforge-backend] [io-17172-exec-7] o.s.security.web.FilterChainProxy        : Securing POST /api/v1/auth/login
2026-08-04T11:58:06.542+05:30 DEBUG 28908 --- [campusforge-backend] [io-17172-exec-7] o.s.s.w.a.AnonymousAuthenticationFilter  : Set SecurityContextHolder to anonymous SecurityContext
2026-08-04T11:58:06.542+05:30 DEBUG 28908 --- [campusforge-backend] [io-17172-exec-7] o.s.security.web.FilterChainProxy        : Secured POST /api/v1/auth/login
Hibernate: select p1_0.id,p1_0.avatar,p1_0.banned,p1_0.banned_at,p1_0.created,p1_0.degree_level,p1_0.display_name,p1_0.email,p1_0.experience,p1_0.last_login,p1_0.level,p1_0.password_hash,p1_0.role,p1_0.specialization,p1_0.student_id from players p1_0 where p1_0.email=?
2026-08-04T11:58:06.591+05:30 DEBUG 28908 --- [campusforge-backend] [io-17172-exec-7] o.s.s.a.dao.DaoAuthenticationProvider    : Authenticated user
Hibernate: select p1_0.id,p1_0.avatar,p1_0.banned,p1_0.banned_at,p1_0.created,p1_0.degree_level,p1_0.display_name,p1_0.email,p1_0.experience,p1_0.last_login,p1_0.level,p1_0.password_hash,p1_0.role,p1_0.specialization,p1_0.student_id from players p1_0 where p1_0.email=?
Hibernate: update players set avatar=?,banned=?,banned_at=?,created=?,degree_level=?,display_name=?,email=?,experience=?,last_login=?,level=?,password_hash=?,role=?,specialization=?,student_id=? where id=?
2026-08-04T11:58:06.635+05:30 DEBUG 28908 --- [campusforge-backend] [io-17172-exec-9] o.s.security.web.FilterChainProxy        : Securing GET /api/v1/events
Hibernate: select p1_0.id,p1_0.avatar,p1_0.banned,p1_0.banned_at,p1_0.created,p1_0.degree_level,p1_0.display_name,p1_0.email,p1_0.experience,p1_0.last_login,p1_0.level,p1_0.password_hash,p1_0.role,p1_0.specialization,p1_0.student_id from players p1_0 where p1_0.email=?
2026-08-04T11:58:06.639+05:30 DEBUG 28908 --- [campusforge-backend] [io-17172-exec-9] o.s.security.web.FilterChainProxy        : Secured GET /api/v1/events
Hibernate: select e1_0.id,e1_0.active,e1_0.allowed_sets_json,e1_0.bonus_multiplier,e1_0.created_at,e1_0.end_time,e1_0.name,e1_0.start_time from events e1_0 order by e1_0.start_time desc
2026-08-04T11:58:06.661+05:30 DEBUG 28908 --- [campusforge-backend] [io-17172-exec-8] o.s.security.web.FilterChainProxy        : Securing GET /api/v1/players/me
Hibernate: select p1_0.id,p1_0.avatar,p1_0.banned,p1_0.banned_at,p1_0.created,p1_0.degree_level,p1_0.display_name,p1_0.email,p1_0.experience,p1_0.last_login,p1_0.level,p1_0.password_hash,p1_0.role,p1_0.specialization,p1_0.student_id from players p1_0 where p1_0.email=?
2026-08-04T11:58:06.665+05:30 DEBUG 28908 --- [campusforge-backend] [io-17172-exec-8] o.s.security.web.FilterChainProxy        : Secured GET /api/v1/players/me
2026-08-04T11:58:06.669+05:30 DEBUG 28908 --- [campusforge-backend] [io-17172-exec-8] o.s.security.web.FilterChainProxy        : Securing GET /error
2026-08-04T11:58:06.669+05:30 DEBUG 28908 --- [campusforge-backend] [io-17172-exec-8] o.s.s.w.a.AnonymousAuthenticationFilter  : Set SecurityContextHolder to anonymous SecurityContext
2026-08-04T11:58:06.678+05:30 DEBUG 28908 --- [campusforge-backend] [io-17172-exec-5] o.s.security.web.FilterChainProxy        : Securing GET /api/v1/admin/events
Hibernate: select p1_0.id,p1_0.avatar,p1_0.banned,p1_0.banned_at,p1_0.created,p1_0.degree_level,p1_0.display_name,p1_0.email,p1_0.experience,p1_0.last_login,p1_0.level,p1_0.password_hash,p1_0.role,p1_0.specialization,p1_0.student_id from players p1_0 where p1_0.email=?
2026-08-04T11:58:06.681+05:30 DEBUG 28908 --- [campusforge-backend] [io-17172-exec-5] o.s.s.w.access.AccessDeniedHandlerImpl   : Responding with 403 status code
2026-08-04T11:58:06.681+05:30 DEBUG 28908 --- [campusforge-backend] [io-17172-exec-5] o.s.security.web.FilterChainProxy        : Securing GET /error
2026-08-04T11:58:06.681+05:30 DEBUG 28908 --- [campusforge-backend] [io-17172-exec-5] o.s.s.w.a.AnonymousAuthenticationFilter  : Set SecurityContextHolder to anonymous SecurityContext
2026-08-04T11:58:06.681+05:30 DEBUG 28908 --- [campusforge-backend] [o-17172-exec-10] o.s.security.web.FilterChainProxy        : Securing POST /api/v1/auth/login
2026-08-04T11:58:06.681+05:30 DEBUG 28908 --- [campusforge-backend] [o-17172-exec-10] o.s.s.w.a.AnonymousAuthenticationFilter  : Set SecurityContextHolder to anonymous SecurityContext
2026-08-04T11:58:06.681+05:30 DEBUG 28908 --- [campusforge-backend] [o-17172-exec-10] o.s.security.web.FilterChainProxy        : Secured POST /api/v1/auth/login
Hibernate: select p1_0.id,p1_0.avatar,p1_0.banned,p1_0.banned_at,p1_0.created,p1_0.degree_level,p1_0.display_name,p1_0.email,p1_0.experience,p1_0.last_login,p1_0.level,p1_0.password_hash,p1_0.role,p1_0.specialization,p1_0.student_id from players p1_0 where p1_0.email=?
2026-08-04T11:58:06.731+05:30 DEBUG 28908 --- [campusforge-backend] [o-17172-exec-10] o.s.s.a.dao.DaoAuthenticationProvider    : Authenticated user
Hibernate: select p1_0.id,p1_0.avatar,p1_0.banned,p1_0.banned_at,p1_0.created,p1_0.degree_level,p1_0.display_name,p1_0.email,p1_0.experience,p1_0.last_login,p1_0.level,p1_0.password_hash,p1_0.role,p1_0.specialization,p1_0.student_id from players p1_0 where p1_0.email=?
Hibernate: update players set avatar=?,banned=?,banned_at=?,created=?,degree_level=?,display_name=?,email=?,experience=?,last_login=?,level=?,password_hash=?,role=?,specialization=?,student_id=? where id=?
2026-08-04T11:58:06.742+05:30 DEBUG 28908 --- [campusforge-backend] [io-17172-exec-1] o.s.security.web.FilterChainProxy        : Securing GET /api/v1/admin/events
Hibernate: select p1_0.id,p1_0.avatar,p1_0.banned,p1_0.banned_at,p1_0.created,p1_0.degree_level,p1_0.display_name,p1_0.email,p1_0.experience,p1_0.last_login,p1_0.level,p1_0.password_hash,p1_0.role,p1_0.specialization,p1_0.student_id from players p1_0 where p1_0.email=?
2026-08-04T11:58:06.745+05:30 DEBUG 28908 --- [campusforge-backend] [io-17172-exec-1] o.s.security.web.FilterChainProxy        : Secured GET /api/v1/admin/events
Hibernate: select e1_0.id,e1_0.active,e1_0.allowed_sets_json,e1_0.bonus_multiplier,e1_0.created_at,e1_0.end_time,e1_0.name,e1_0.start_time from events e1_0 order by e1_0.start_time desc
2026-08-04T11:58:20.933+05:30 DEBUG 28908 --- [campusforge-backend] [io-17172-exec-3] o.s.security.web.FilterChainProxy        : Securing GET /api/v1/events
2026-08-04T11:58:20.933+05:30 DEBUG 28908 --- [campusforge-backend] [io-17172-exec-3] o.s.s.w.a.AnonymousAuthenticationFilter  : Set SecurityContextHolder to anonymous SecurityContext
2026-08-04T11:58:20.954+05:30 DEBUG 28908 --- [campusforge-backend] [io-17172-exec-4] o.s.security.web.FilterChainProxy        : Securing GET /api/v1/events/active
2026-08-04T11:58:20.955+05:30 DEBUG 28908 --- [campusforge-backend] [io-17172-exec-4] o.s.s.w.a.AnonymousAuthenticationFilter  : Set SecurityContextHolder to anonymous SecurityContext
2026-08-04T11:58:20.956+05:30 DEBUG 28908 --- [campusforge-backend] [io-17172-exec-6] o.s.security.web.FilterChainProxy        : Securing GET /api/v1/players/me
2026-08-04T11:58:20.957+05:30 DEBUG 28908 --- [campusforge-backend] [io-17172-exec-6] o.s.s.w.a.AnonymousAuthenticationFilter  : Set SecurityContextHolder to anonymous SecurityContext
2026-08-04T11:59:01.165+05:30 DEBUG 28908 --- [campusforge-backend] [io-17172-exec-9] o.s.security.web.FilterChainProxy        : Securing GET /api/v1/events
2026-08-04T11:59:01.181+05:30 DEBUG 28908 --- [campusforge-backend] [io-17172-exec-9] o.s.s.w.a.AnonymousAuthenticationFilter  : Set SecurityContextHolder to anonymous SecurityContext
2026-08-04T11:59:01.182+05:30 DEBUG 28908 --- [campusforge-backend] [io-17172-exec-8] o.s.security.web.FilterChainProxy        : Securing GET /api/v1/players/me
2026-08-04T11:59:01.182+05:30 DEBUG 28908 --- [campusforge-backend] [io-17172-exec-8] o.s.s.w.a.AnonymousAuthenticationFilter  : Set SecurityContextHolder to anonymous SecurityContext
2026-08-04T11:59:01.182+05:30 DEBUG 28908 --- [campusforge-backend] [io-17172-exec-5] o.s.security.web.FilterChainProxy        : Securing GET /api/v1/players/search?q=a
2026-08-04T11:59:01.182+05:30 DEBUG 28908 --- [campusforge-backend] [io-17172-exec-5] o.s.s.w.a.AnonymousAuthenticationFilter  : Set SecurityContextHolder to anonymous SecurityContext
2026-08-04T11:59:28.943+05:30 DEBUG 28908 --- [campusforge-backend] [io-17172-exec-1] o.s.security.web.FilterChainProxy        : Securing POST /api/v1/auth/login
2026-08-04T11:59:28.945+05:30 DEBUG 28908 --- [campusforge-backend] [io-17172-exec-1] o.s.s.w.a.AnonymousAuthenticationFilter  : Set SecurityContextHolder to anonymous SecurityContext
2026-08-04T11:59:28.945+05:30 DEBUG 28908 --- [campusforge-backend] [io-17172-exec-1] o.s.security.web.FilterChainProxy        : Secured POST /api/v1/auth/login
Hibernate: select p1_0.id,p1_0.avatar,p1_0.banned,p1_0.banned_at,p1_0.created,p1_0.degree_level,p1_0.display_name,p1_0.email,p1_0.experience,p1_0.last_login,p1_0.level,p1_0.password_hash,p1_0.role,p1_0.specialization,p1_0.student_id from players p1_0 where p1_0.email=?
2026-08-04T11:59:28.992+05:30 DEBUG 28908 --- [campusforge-backend] [io-17172-exec-1] o.s.s.a.dao.DaoAuthenticationProvider    : Authenticated user
Hibernate: select p1_0.id,p1_0.avatar,p1_0.banned,p1_0.banned_at,p1_0.created,p1_0.degree_level,p1_0.display_name,p1_0.email,p1_0.experience,p1_0.last_login,p1_0.level,p1_0.password_hash,p1_0.role,p1_0.specialization,p1_0.student_id from players p1_0 where p1_0.email=?
Hibernate: update players set avatar=?,banned=?,banned_at=?,created=?,degree_level=?,display_name=?,email=?,experience=?,last_login=?,level=?,password_hash=?,role=?,specialization=?,student_id=? where id=?
2026-08-04T11:59:29.038+05:30 DEBUG 28908 --- [campusforge-backend] [io-17172-exec-2] o.s.security.web.FilterChainProxy        : Securing GET /api/v1/auth/me
Hibernate: select p1_0.id,p1_0.avatar,p1_0.banned,p1_0.banned_at,p1_0.created,p1_0.degree_level,p1_0.display_name,p1_0.email,p1_0.experience,p1_0.last_login,p1_0.level,p1_0.password_hash,p1_0.role,p1_0.specialization,p1_0.student_id from players p1_0 where p1_0.email=?
2026-08-04T11:59:29.041+05:30 DEBUG 28908 --- [campusforge-backend] [io-17172-exec-2] o.s.security.web.FilterChainProxy        : Secured GET /api/v1/auth/me
2026-08-04T11:59:29.048+05:30 DEBUG 28908 --- [campusforge-backend] [io-17172-exec-3] o.s.security.web.FilterChainProxy        : Securing GET /api/v1/feed
Hibernate: select p1_0.id,p1_0.avatar,p1_0.banned,p1_0.banned_at,p1_0.created,p1_0.degree_level,p1_0.display_name,p1_0.email,p1_0.experience,p1_0.last_login,p1_0.level,p1_0.password_hash,p1_0.role,p1_0.specialization,p1_0.student_id from players p1_0 where p1_0.email=?
2026-08-04T11:59:29.048+05:30 DEBUG 28908 --- [campusforge-backend] [io-17172-exec-3] o.s.security.web.FilterChainProxy        : Secured GET /api/v1/feed
2026-08-04T11:59:29.063+05:30 DEBUG 28908 --- [campusforge-backend] [io-17172-exec-4] o.s.security.web.FilterChainProxy        : Securing GET /api/v1/players/search?q=a
Hibernate: select p1_0.id,p1_0.avatar,p1_0.banned,p1_0.banned_at,p1_0.created,p1_0.degree_level,p1_0.display_name,p1_0.email,p1_0.experience,p1_0.last_login,p1_0.level,p1_0.password_hash,p1_0.role,p1_0.specialization,p1_0.student_id from players p1_0 where p1_0.email=?
2026-08-04T11:59:29.063+05:30 DEBUG 28908 --- [campusforge-backend] [io-17172-exec-4] o.s.security.web.FilterChainProxy        : Secured GET /api/v1/players/search?q=a
Hibernate: select p1_0.id,p1_0.avatar,p1_0.banned,p1_0.banned_at,p1_0.created,p1_0.degree_level,p1_0.display_name,p1_0.email,p1_0.experience,p1_0.last_login,p1_0.level,p1_0.password_hash,p1_0.role,p1_0.specialization,p1_0.student_id from players p1_0 where upper(p1_0.display_name) like upper(?) escape '\' fetch first ? rows only
Hibernate: select p1_0.id,p1_0.avatar,p1_0.banned,p1_0.banned_at,p1_0.created,p1_0.degree_level,p1_0.display_name,p1_0.email,p1_0.experience,p1_0.last_login,p1_0.level,p1_0.password_hash,p1_0.role,p1_0.specialization,p1_0.student_id from players p1_0 where upper(p1_0.email) like upper(?) escape '\' fetch first ? rows only
2026-08-04T11:59:29.089+05:30 DEBUG 28908 --- [campusforge-backend] [io-17172-exec-6] o.s.security.web.FilterChainProxy        : Securing GET /api/v1/events/active
Hibernate: select p1_0.id,p1_0.avatar,p1_0.banned,p1_0.banned_at,p1_0.created,p1_0.degree_level,p1_0.display_name,p1_0.email,p1_0.experience,p1_0.last_login,p1_0.level,p1_0.password_hash,p1_0.role,p1_0.specialization,p1_0.student_id from players p1_0 where p1_0.email=?
2026-08-04T11:59:29.092+05:30 DEBUG 28908 --- [campusforge-backend] [io-17172-exec-6] o.s.security.web.FilterChainProxy        : Secured GET /api/v1/events/active
Hibernate: select e1_0.id,e1_0.active,e1_0.allowed_sets_json,e1_0.bonus_multiplier,e1_0.created_at,e1_0.end_time,e1_0.name,e1_0.start_time from events e1_0 where e1_0.active=true and e1_0.start_time<=? and e1_0.end_time>=? order by e1_0.start_time
2026-08-04T11:59:29.105+05:30 DEBUG 28908 --- [campusforge-backend] [io-17172-exec-7] o.s.security.web.FilterChainProxy        : Securing GET /api/v1/events/00000000-0000-0000-0000-000000000000
Hibernate: select p1_0.id,p1_0.avatar,p1_0.banned,p1_0.banned_at,p1_0.created,p1_0.degree_level,p1_0.display_name,p1_0.email,p1_0.experience,p1_0.last_login,p1_0.level,p1_0.password_hash,p1_0.role,p1_0.specialization,p1_0.student_id from players p1_0 where p1_0.email=?
2026-08-04T11:59:29.109+05:30 DEBUG 28908 --- [campusforge-backend] [io-17172-exec-7] o.s.security.web.FilterChainProxy        : Secured GET /api/v1/events/00000000-0000-0000-0000-000000000000
Hibernate: select e1_0.id,e1_0.active,e1_0.allowed_sets_json,e1_0.bonus_multiplier,e1_0.created_at,e1_0.end_time,e1_0.name,e1_0.start_time from events e1_0 where e1_0.id=?
