SLF4J(W): Class path contains multiple SLF4J providers.
SLF4J(W): Found provider [ch.qos.logback.classic.spi.LogbackServiceProvider@6093dd95]
SLF4J(W): Found provider [org.tinylog.slf4j.TinylogSlf4jServiceProvider@5622fdf]
SLF4J(W): See https://www.slf4j.org/codes.html#multiple_bindings for an explanation.
SLF4J(I): Actual provider is of type [ch.qos.logback.classic.spi.LogbackServiceProvider@6093dd95]
Upcoming set Star Trek (TRK) dated in the future. All `upcoming` cards will be added to this set with unknown rarity.
Upcoming set Star Trek (TRK) dated in the future. All `upcoming` cards will be added to this set with unknown rarity.
hidden has neither ManaCost nor Color
java.util.concurrent.ExecutionException: java.lang.NoClassDefFoundError: org/apache/commons/lang3/Strings
	at java.base/java.util.concurrent.FutureTask.report(FutureTask.java:122)
	at java.base/java.util.concurrent.FutureTask.get(FutureTask.java:205)
	at forge.ai.AiController.chooseSpellAbilityToPlayFromList(AiController.java:1715)
	at forge.ai.AiController.getSpellAbilityToPlay(AiController.java:1599)
	at forge.ai.AiController.chooseSpellAbilityToPlay(AiController.java:1419)
	at forge.ai.PlayerControllerAi.chooseSpellAbilityToPlay(PlayerControllerAi.java:832)
	at forge.headless.HumanPlayerController.chooseSpellAbilityToPlay(HumanPlayerController.java:120)
	at forge.game.phase.PhaseHandler.mainLoopStep(PhaseHandler.java:1056)
	at forge.game.phase.PhaseHandler.mainGameLoop(PhaseHandler.java:1035)
	at forge.game.phase.PhaseHandler.startFirstTurn(PhaseHandler.java:1029)
	at forge.game.GameAction.startGame(GameAction.java:2373)
	at forge.game.Match.startGame(Match.java:92)
	at forge.game.Match.startGame(Match.java:77)
	at forge.headless.HeadlessMatch.lambda$new$0(HeadlessMatch.java:73)
	at java.base/java.lang.Thread.run(Thread.java:1583)
Caused by: java.lang.NoClassDefFoundError: org/apache/commons/lang3/Strings
	at forge.game.trigger.Trigger.looksBackInTime(Trigger.java:686)
	at forge.game.staticability.StaticAbilityDisableTriggers.disabled(StaticAbilityDisableTriggers.java:21)
	at forge.ai.AiController.checkETBEffectsPreparedCard(AiController.java:303)
	at forge.ai.AiController.checkETBEffects(AiController.java:226)
	at forge.ai.AiController.canPlaySpellOrLandBasic(AiController.java:999)
	at forge.ai.AiController.canPlaySa(AiController.java:975)
	at forge.ai.AiController.canPlayAndPayForFace(AiController.java:862)
	at forge.ai.AiController.canPlayAndPayFor(AiController.java:840)
	at forge.ai.AiController.lambda$chooseSpellAbilityToPlayFromList$9(AiController.java:1691)
	at java.base/java.util.concurrent.FutureTask.run(FutureTask.java:317)
	... 1 more
Caused by: java.lang.ClassNotFoundException: org.apache.commons.lang3.Strings
	at java.base/java.net.URLClassLoader.findClass(URLClassLoader.java:445)
	at java.base/java.lang.ClassLoader.loadClass(ClassLoader.java:593)
	at org.springframework.boot.loader.net.protocol.jar.JarUrlClassLoader.loadClass(JarUrlClassLoader.java:103)
	at org.springframework.boot.loader.launch.LaunchedClassLoader.loadClass(LaunchedClassLoader.java:91)
	at java.base/java.lang.ClassLoader.loadClass(ClassLoader.java:526)
	... 11 more
java.util.concurrent.ExecutionException: java.lang.NoClassDefFoundError: org/apache/commons/lang3/Strings
	at java.base/java.util.concurrent.FutureTask.report(FutureTask.java:122)
	at java.base/java.util.concurrent.FutureTask.get(FutureTask.java:205)
	at forge.ai.AiController.chooseSpellAbilityToPlayFromList(AiController.java:1715)
	at forge.ai.AiController.getSpellAbilityToPlay(AiController.java:1599)
	at forge.ai.AiController.chooseSpellAbilityToPlay(AiController.java:1419)
	at forge.ai.PlayerControllerAi.chooseSpellAbilityToPlay(PlayerControllerAi.java:832)
	at forge.headless.HumanPlayerController.chooseSpellAbilityToPlay(HumanPlayerController.java:120)
	at forge.game.phase.PhaseHandler.mainLoopStep(PhaseHandler.java:1056)
	at forge.game.phase.PhaseHandler.mainGameLoop(PhaseHandler.java:1035)
	at forge.game.phase.PhaseHandler.startFirstTurn(PhaseHandler.java:1029)
	at forge.game.GameAction.startGame(GameAction.java:2373)
	at forge.game.Match.startGame(Match.java:92)
	at forge.game.Match.startGame(Match.java:77)
	at forge.headless.HeadlessMatch.lambda$new$0(HeadlessMatch.java:73)
	at java.base/java.lang.Thread.run(Thread.java:1583)
Caused by: java.lang.NoClassDefFoundError: org/apache/commons/lang3/Strings
	at forge.game.trigger.Trigger.looksBackInTime(Trigger.java:686)
	at forge.game.staticability.StaticAbilityDisableTriggers.disabled(StaticAbilityDisableTriggers.java:21)
	at forge.ai.AiController.checkETBEffectsPreparedCard(AiController.java:303)
	at forge.ai.AiController.checkETBEffects(AiController.java:226)
	at forge.ai.AiController.canPlaySpellOrLandBasic(AiController.java:999)
	at forge.ai.AiController.canPlaySa(AiController.java:975)
	at forge.ai.AiController.canPlayAndPayForFace(AiController.java:862)
	at forge.ai.AiController.canPlayAndPayFor(AiController.java:840)
	at forge.ai.AiController.lambda$chooseSpellAbilityToPlayFromList$9(AiController.java:1691)
	at java.base/java.util.concurrent.FutureTask.run(FutureTask.java:317)
	... 1 more
Caused by: java.lang.ClassNotFoundException: org.apache.commons.lang3.Strings
	... 11 more
java.util.concurrent.ExecutionException: java.lang.NoClassDefFoundError: org/apache/commons/lang3/Strings
	at java.base/java.util.concurrent.FutureTask.report(FutureTask.java:122)
	at java.base/java.util.concurrent.FutureTask.get(FutureTask.java:205)
	at forge.ai.AiController.chooseSpellAbilityToPlayFromList(AiController.java:1715)
	at forge.ai.AiController.getSpellAbilityToPlay(AiController.java:1599)
	at forge.ai.AiController.chooseSpellAbilityToPlay(AiController.java:1419)
	at forge.ai.PlayerControllerAi.chooseSpellAbilityToPlay(PlayerControllerAi.java:832)
	at forge.headless.HumanPlayerController.chooseSpellAbilityToPlay(HumanPlayerController.java:120)
	at forge.game.phase.PhaseHandler.mainLoopStep(PhaseHandler.java:1056)
	at forge.game.phase.PhaseHandler.mainGameLoop(PhaseHandler.java:1035)
	at forge.game.phase.PhaseHandler.startFirstTurn(PhaseHandler.java:1029)
	at forge.game.GameAction.startGame(GameAction.java:2373)
	at forge.game.Match.startGame(Match.java:92)
	at forge.game.Match.startGame(Match.java:77)
	at forge.headless.HeadlessMatch.lambda$new$0(HeadlessMatch.java:73)
	at java.base/java.lang.Thread.run(Thread.java:1583)
Caused by: java.lang.NoClassDefFoundError: org/apache/commons/lang3/Strings
	at forge.game.trigger.Trigger.looksBackInTime(Trigger.java:686)
	at forge.game.staticability.StaticAbilityDisableTriggers.disabled(StaticAbilityDisableTriggers.java:21)
	at forge.ai.AiController.checkETBEffectsPreparedCard(AiController.java:303)
	at forge.ai.AiController.checkETBEffects(AiController.java:226)
	at forge.ai.AiController.canPlaySpellOrLandBasic(AiController.java:999)
	at forge.ai.AiController.canPlaySa(AiController.java:975)
	at forge.ai.AiController.canPlayAndPayForFace(AiController.java:862)
	at forge.ai.AiController.canPlayAndPayFor(AiController.java:840)
	at forge.ai.AiController.lambda$chooseSpellAbilityToPlayFromList$9(AiController.java:1691)
	at java.base/java.util.concurrent.FutureTask.run(FutureTask.java:317)
	... 1 more
Caused by: java.lang.ClassNotFoundException: org.apache.commons.lang3.Strings
	... 11 more
java.util.concurrent.ExecutionException: java.lang.NoClassDefFoundError: org/apache/commons/lang3/Strings
	at java.base/java.util.concurrent.FutureTask.report(FutureTask.java:122)
	at java.base/java.util.concurrent.FutureTask.get(FutureTask.java:205)
	at forge.ai.AiController.chooseSpellAbilityToPlayFromList(AiController.java:1715)
	at forge.ai.AiController.getSpellAbilityToPlay(AiController.java:1599)
	at forge.ai.AiController.chooseSpellAbilityToPlay(AiController.java:1419)
	at forge.ai.PlayerControllerAi.chooseSpellAbilityToPlay(PlayerControllerAi.java:832)
	at forge.headless.HumanPlayerController.chooseSpellAbilityToPlay(HumanPlayerController.java:120)
	at forge.game.phase.PhaseHandler.mainLoopStep(PhaseHandler.java:1056)
	at forge.game.phase.PhaseHandler.mainGameLoop(PhaseHandler.java:1035)
	at forge.game.phase.PhaseHandler.startFirstTurn(PhaseHandler.java:1029)
	at forge.game.GameAction.startGame(GameAction.java:2373)
	at forge.game.Match.startGame(Match.java:92)
	at forge.game.Match.startGame(Match.java:77)
	at forge.headless.HeadlessMatch.lambda$new$0(HeadlessMatch.java:73)
	at java.base/java.lang.Thread.run(Thread.java:1583)
Caused by: java.lang.NoClassDefFoundError: org/apache/commons/lang3/Strings
	at forge.game.trigger.Trigger.looksBackInTime(Trigger.java:686)
	at forge.game.staticability.StaticAbilityDisableTriggers.disabled(StaticAbilityDisableTriggers.java:21)
	at forge.ai.AiController.checkETBEffectsPreparedCard(AiController.java:303)
	at forge.ai.AiController.checkETBEffects(AiController.java:226)
	at forge.ai.AiController.canPlaySpellOrLandBasic(AiController.java:999)
	at forge.ai.AiController.canPlaySa(AiController.java:975)
	at forge.ai.AiController.canPlayAndPayForFace(AiController.java:862)
	at forge.ai.AiController.canPlayAndPayFor(AiController.java:840)
	at forge.ai.AiController.lambda$chooseSpellAbilityToPlayFromList$9(AiController.java:1691)
	at java.base/java.util.concurrent.FutureTask.run(FutureTask.java:317)
	... 1 more
Caused by: java.lang.ClassNotFoundException: org.apache.commons.lang3.Strings
	... 11 more
java.util.concurrent.ExecutionException: java.lang.NoClassDefFoundError: org/apache/commons/lang3/Strings
	at java.base/java.util.concurrent.FutureTask.report(FutureTask.java:122)
	at java.base/java.util.concurrent.FutureTask.get(FutureTask.java:205)
	at forge.ai.AiController.chooseSpellAbilityToPlayFromList(AiController.java:1715)
	at forge.ai.AiController.getSpellAbilityToPlay(AiController.java:1599)
	at forge.ai.AiController.chooseSpellAbilityToPlay(AiController.java:1419)
	at forge.ai.PlayerControllerAi.chooseSpellAbilityToPlay(PlayerControllerAi.java:832)
	at forge.headless.HumanPlayerController.chooseSpellAbilityToPlay(HumanPlayerController.java:120)
	at forge.game.phase.PhaseHandler.mainLoopStep(PhaseHandler.java:1056)
	at forge.game.phase.PhaseHandler.mainGameLoop(PhaseHandler.java:1035)
	at forge.game.phase.PhaseHandler.startFirstTurn(PhaseHandler.java:1029)
	at forge.game.GameAction.startGame(GameAction.java:2373)
	at forge.game.Match.startGame(Match.java:92)
	at forge.game.Match.startGame(Match.java:77)
	at forge.headless.HeadlessMatch.lambda$new$0(HeadlessMatch.java:73)
	at java.base/java.lang.Thread.run(Thread.java:1583)
Caused by: java.lang.NoClassDefFoundError: org/apache/commons/lang3/Strings
	at forge.game.trigger.Trigger.looksBackInTime(Trigger.java:686)
	at forge.game.staticability.StaticAbilityDisableTriggers.disabled(StaticAbilityDisableTriggers.java:21)
	at forge.ai.AiController.checkETBEffectsPreparedCard(AiController.java:303)
	at forge.ai.AiController.checkETBEffects(AiController.java:226)
	at forge.ai.AiController.canPlaySpellOrLandBasic(AiController.java:999)
	at forge.ai.AiController.canPlaySa(AiController.java:975)
	at forge.ai.AiController.canPlayAndPayForFace(AiController.java:862)
	at forge.ai.AiController.canPlayAndPayFor(AiController.java:840)
	at forge.ai.AiController.lambda$chooseSpellAbilityToPlayFromList$9(AiController.java:1691)
	at java.base/java.util.concurrent.FutureTask.run(FutureTask.java:317)
	... 1 more
Caused by: java.lang.ClassNotFoundException: org.apache.commons.lang3.Strings
	... 11 more
java.util.concurrent.ExecutionException: java.lang.NoClassDefFoundError: org/apache/commons/lang3/Strings
	at java.base/java.util.concurrent.FutureTask.report(FutureTask.java:122)
	at java.base/java.util.concurrent.FutureTask.get(FutureTask.java:205)
	at forge.ai.AiController.chooseSpellAbilityToPlayFromList(AiController.java:1715)
	at forge.ai.AiController.getSpellAbilityToPlay(AiController.java:1599)
	at forge.ai.AiController.chooseSpellAbilityToPlay(AiController.java:1419)
	at forge.ai.PlayerControllerAi.chooseSpellAbilityToPlay(PlayerControllerAi.java:832)
	at forge.headless.HumanPlayerController.chooseSpellAbilityToPlay(HumanPlayerController.java:120)
	at forge.game.phase.PhaseHandler.mainLoopStep(PhaseHandler.java:1056)
	at forge.game.phase.PhaseHandler.mainGameLoop(PhaseHandler.java:1035)
	at forge.game.phase.PhaseHandler.startFirstTurn(PhaseHandler.java:1029)
	at forge.game.GameAction.startGame(GameAction.java:2373)
	at forge.game.Match.startGame(Match.java:92)
	at forge.game.Match.startGame(Match.java:77)
	at forge.headless.HeadlessMatch.lambda$new$0(HeadlessMatch.java:73)
	at java.base/java.lang.Thread.run(Thread.java:1583)
Caused by: java.lang.NoClassDefFoundError: org/apache/commons/lang3/Strings
	at forge.game.trigger.Trigger.looksBackInTime(Trigger.java:686)
	at forge.game.staticability.StaticAbilityDisableTriggers.disabled(StaticAbilityDisableTriggers.java:21)
	at forge.ai.AiController.checkETBEffectsPreparedCard(AiController.java:303)
	at forge.ai.AiController.checkETBEffects(AiController.java:226)
	at forge.ai.AiController.canPlaySpellOrLandBasic(AiController.java:999)
	at forge.ai.AiController.canPlaySa(AiController.java:975)
	at forge.ai.AiController.canPlayAndPayForFace(AiController.java:862)
	at forge.ai.AiController.canPlayAndPayFor(AiController.java:840)
	at forge.ai.AiController.lambda$chooseSpellAbilityToPlayFromList$9(AiController.java:1691)
	at java.base/java.util.concurrent.FutureTask.run(FutureTask.java:317)
	... 1 more
Caused by: java.lang.ClassNotFoundException: org.apache.commons.lang3.Strings
	... 11 more
java.util.concurrent.ExecutionException: java.lang.NoClassDefFoundError: org/apache/commons/lang3/Strings
	at java.base/java.util.concurrent.FutureTask.report(FutureTask.java:122)
	at java.base/java.util.concurrent.FutureTask.get(FutureTask.java:205)
	at forge.ai.AiController.chooseSpellAbilityToPlayFromList(AiController.java:1715)
	at forge.ai.AiController.getSpellAbilityToPlay(AiController.java:1599)
	at forge.ai.AiController.chooseSpellAbilityToPlay(AiController.java:1419)
	at forge.ai.PlayerControllerAi.chooseSpellAbilityToPlay(PlayerControllerAi.java:832)
	at forge.headless.HumanPlayerController.chooseSpellAbilityToPlay(HumanPlayerController.java:120)
	at forge.game.phase.PhaseHandler.mainLoopStep(PhaseHandler.java:1056)
	at forge.game.phase.PhaseHandler.mainGameLoop(PhaseHandler.java:1035)
	at forge.game.phase.PhaseHandler.startFirstTurn(PhaseHandler.java:1029)
	at forge.game.GameAction.startGame(GameAction.java:2373)
	at forge.game.Match.startGame(Match.java:92)
	at forge.game.Match.startGame(Match.java:77)
	at forge.headless.HeadlessMatch.lambda$new$0(HeadlessMatch.java:73)
	at java.base/java.lang.Thread.run(Thread.java:1583)
Caused by: java.lang.NoClassDefFoundError: org/apache/commons/lang3/Strings
	at forge.game.trigger.Trigger.looksBackInTime(Trigger.java:686)
	at forge.game.staticability.StaticAbilityDisableTriggers.disabled(StaticAbilityDisableTriggers.java:21)
	at forge.ai.AiController.checkETBEffectsPreparedCard(AiController.java:303)
	at forge.ai.AiController.checkETBEffects(AiController.java:226)
	at forge.ai.AiController.canPlaySpellOrLandBasic(AiController.java:999)
	at forge.ai.AiController.canPlaySa(AiController.java:975)
	at forge.ai.AiController.canPlayAndPayForFace(AiController.java:862)
	at forge.ai.AiController.canPlayAndPayFor(AiController.java:840)
	at forge.ai.AiController.lambda$chooseSpellAbilityToPlayFromList$9(AiController.java:1691)
	at java.base/java.util.concurrent.FutureTask.run(FutureTask.java:317)
	... 1 more
Caused by: java.lang.ClassNotFoundException: org.apache.commons.lang3.Strings
	... 11 more
java.util.concurrent.ExecutionException: java.lang.NoClassDefFoundError: org/apache/commons/lang3/Strings
	at java.base/java.util.concurrent.FutureTask.report(FutureTask.java:122)
	at java.base/java.util.concurrent.FutureTask.get(FutureTask.java:205)
	at forge.ai.AiController.chooseSpellAbilityToPlayFromList(AiController.java:1715)
	at forge.ai.AiController.getSpellAbilityToPlay(AiController.java:1599)
	at forge.ai.AiController.chooseSpellAbilityToPlay(AiController.java:1419)
	at forge.ai.PlayerControllerAi.chooseSpellAbilityToPlay(PlayerControllerAi.java:832)
	at forge.headless.HumanPlayerController.chooseSpellAbilityToPlay(HumanPlayerController.java:120)
	at forge.game.phase.PhaseHandler.mainLoopStep(PhaseHandler.java:1056)
	at forge.game.phase.PhaseHandler.mainGameLoop(PhaseHandler.java:1035)
	at forge.game.phase.PhaseHandler.startFirstTurn(PhaseHandler.java:1029)
	at forge.game.GameAction.startGame(GameAction.java:2373)
	at forge.game.Match.startGame(Match.java:92)
	at forge.game.Match.startGame(Match.java:77)
	at forge.headless.HeadlessMatch.lambda$new$0(HeadlessMatch.java:73)
	at java.base/java.lang.Thread.run(Thread.java:1583)
Caused by: java.lang.NoClassDefFoundError: org/apache/commons/lang3/Strings
	at forge.game.trigger.Trigger.looksBackInTime(Trigger.java:686)
	at forge.game.staticability.StaticAbilityDisableTriggers.disabled(StaticAbilityDisableTriggers.java:21)
	at forge.ai.AiController.checkETBEffectsPreparedCard(AiController.java:303)
	at forge.ai.AiController.checkETBEffects(AiController.java:226)
	at forge.ai.AiController.canPlaySpellOrLandBasic(AiController.java:999)
	at forge.ai.AiController.canPlaySa(AiController.java:975)
	at forge.ai.AiController.canPlayAndPayForFace(AiController.java:862)
	at forge.ai.AiController.canPlayAndPayFor(AiController.java:840)
	at forge.ai.AiController.lambda$chooseSpellAbilityToPlayFromList$9(AiController.java:1691)
	at java.base/java.util.concurrent.FutureTask.run(FutureTask.java:317)
	... 1 more
Caused by: java.lang.ClassNotFoundException: org.apache.commons.lang3.Strings
	... 11 more
java.util.concurrent.ExecutionException: java.lang.NoClassDefFoundError: org/apache/commons/lang3/Strings
	at java.base/java.util.concurrent.FutureTask.report(FutureTask.java:122)
	at java.base/java.util.concurrent.FutureTask.get(FutureTask.java:205)
	at forge.ai.AiController.chooseSpellAbilityToPlayFromList(AiController.java:1715)
	at forge.ai.AiController.getSpellAbilityToPlay(AiController.java:1599)
	at forge.ai.AiController.chooseSpellAbilityToPlay(AiController.java:1419)
	at forge.ai.PlayerControllerAi.chooseSpellAbilityToPlay(PlayerControllerAi.java:832)
	at forge.headless.HumanPlayerController.chooseSpellAbilityToPlay(HumanPlayerController.java:120)
	at forge.game.phase.PhaseHandler.mainLoopStep(PhaseHandler.java:1056)
	at forge.game.phase.PhaseHandler.mainGameLoop(PhaseHandler.java:1035)
	at forge.game.phase.PhaseHandler.startFirstTurn(PhaseHandler.java:1029)
	at forge.game.GameAction.startGame(GameAction.java:2373)
	at forge.game.Match.startGame(Match.java:92)
	at forge.game.Match.startGame(Match.java:77)
	at forge.headless.HeadlessMatch.lambda$new$0(HeadlessMatch.java:73)
	at java.base/java.lang.Thread.run(Thread.java:1583)
Caused by: java.lang.NoClassDefFoundError: org/apache/commons/lang3/Strings
	at forge.game.trigger.Trigger.looksBackInTime(Trigger.java:686)
	at forge.game.staticability.StaticAbilityDisableTriggers.disabled(StaticAbilityDisableTriggers.java:21)
	at forge.ai.AiController.checkETBEffectsPreparedCard(AiController.java:303)
	at forge.ai.AiController.checkETBEffects(AiController.java:226)
	at forge.ai.AiController.canPlaySpellOrLandBasic(AiController.java:999)
	at forge.ai.AiController.canPlaySa(AiController.java:975)
	at forge.ai.AiController.canPlayAndPayForFace(AiController.java:862)
	at forge.ai.AiController.canPlayAndPayFor(AiController.java:840)
	at forge.ai.AiController.lambda$chooseSpellAbilityToPlayFromList$9(AiController.java:1691)
	at java.base/java.util.concurrent.FutureTask.run(FutureTask.java:317)
	... 1 more
Caused by: java.lang.ClassNotFoundException: org.apache.commons.lang3.Strings
	... 11 more
java.util.concurrent.ExecutionException: java.lang.NoClassDefFoundError: org/apache/commons/lang3/Strings
	at java.base/java.util.concurrent.FutureTask.report(FutureTask.java:122)
	at java.base/java.util.concurrent.FutureTask.get(FutureTask.java:205)
	at forge.ai.AiController.chooseSpellAbilityToPlayFromList(AiController.java:1715)
	at forge.ai.AiController.getSpellAbilityToPlay(AiController.java:1599)
	at forge.ai.AiController.chooseSpellAbilityToPlay(AiController.java:1419)
	at forge.ai.PlayerControllerAi.chooseSpellAbilityToPlay(PlayerControllerAi.java:832)
	at forge.headless.HumanPlayerController.chooseSpellAbilityToPlay(HumanPlayerController.java:120)
	at forge.game.phase.PhaseHandler.mainLoopStep(PhaseHandler.java:1056)
	at forge.game.phase.PhaseHandler.mainGameLoop(PhaseHandler.java:1035)
	at forge.game.phase.PhaseHandler.startFirstTurn(PhaseHandler.java:1029)
	at forge.game.GameAction.startGame(GameAction.java:2373)
	at forge.game.Match.startGame(Match.java:92)
	at forge.game.Match.startGame(Match.java:77)
	at forge.headless.HeadlessMatch.lambda$new$0(HeadlessMatch.java:73)
	at java.base/java.lang.Thread.run(Thread.java:1583)
Caused by: java.lang.NoClassDefFoundError: org/apache/commons/lang3/Strings
	at forge.game.trigger.Trigger.looksBackInTime(Trigger.java:686)
	at forge.game.staticability.StaticAbilityDisableTriggers.disabled(StaticAbilityDisableTriggers.java:21)
	at forge.ai.AiController.checkETBEffectsPreparedCard(AiController.java:303)
	at forge.ai.AiController.checkETBEffects(AiController.java:226)
	at forge.ai.AiController.canPlaySpellOrLandBasic(AiController.java:999)
	at forge.ai.AiController.canPlaySa(AiController.java:975)
	at forge.ai.AiController.canPlayAndPayForFace(AiController.java:862)
	at forge.ai.AiController.canPlayAndPayFor(AiController.java:840)
	at forge.ai.AiController.lambda$chooseSpellAbilityToPlayFromList$9(AiController.java:1691)
	at java.base/java.util.concurrent.FutureTask.run(FutureTask.java:317)
	... 1 more
Caused by: java.lang.ClassNotFoundException: org.apache.commons.lang3.Strings
	... 11 more
java.util.concurrent.ExecutionException: java.lang.NoClassDefFoundError: org/apache/commons/lang3/Strings
	at java.base/java.util.concurrent.FutureTask.report(FutureTask.java:122)
	at java.base/java.util.concurrent.FutureTask.get(FutureTask.java:205)
	at forge.ai.AiController.chooseSpellAbilityToPlayFromList(AiController.java:1715)
	at forge.ai.AiController.getSpellAbilityToPlay(AiController.java:1599)
	at forge.ai.AiController.chooseSpellAbilityToPlay(AiController.java:1419)
	at forge.ai.PlayerControllerAi.chooseSpellAbilityToPlay(PlayerControllerAi.java:832)
	at forge.headless.HumanPlayerController.chooseSpellAbilityToPlay(HumanPlayerController.java:120)
	at forge.game.phase.PhaseHandler.mainLoopStep(PhaseHandler.java:1056)
	at forge.game.phase.PhaseHandler.mainGameLoop(PhaseHandler.java:1035)
	at forge.game.phase.PhaseHandler.startFirstTurn(PhaseHandler.java:1029)
	at forge.game.GameAction.startGame(GameAction.java:2373)
	at forge.game.Match.startGame(Match.java:92)
	at forge.game.Match.startGame(Match.java:77)
	at forge.headless.HeadlessMatch.lambda$new$0(HeadlessMatch.java:73)
	at java.base/java.lang.Thread.run(Thread.java:1583)
Caused by: java.lang.NoClassDefFoundError: org/apache/commons/lang3/Strings
	at forge.game.trigger.Trigger.looksBackInTime(Trigger.java:686)
	at forge.game.staticability.StaticAbilityDisableTriggers.disabled(StaticAbilityDisableTriggers.java:21)
	at forge.ai.AiController.checkETBEffectsPreparedCard(AiController.java:303)
	at forge.ai.AiController.checkETBEffects(AiController.java:226)
	at forge.ai.AiController.canPlaySpellOrLandBasic(AiController.java:999)
	at forge.ai.AiController.canPlaySa(AiController.java:975)
	at forge.ai.AiController.canPlayAndPayForFace(AiController.java:862)
	at forge.ai.AiController.canPlayAndPayFor(AiController.java:840)
	at forge.ai.AiController.lambda$chooseSpellAbilityToPlayFromList$9(AiController.java:1691)
	at java.base/java.util.concurrent.FutureTask.run(FutureTask.java:317)
	... 1 more
Caused by: java.lang.ClassNotFoundException: org.apache.commons.lang3.Strings
	... 11 more
java.util.concurrent.ExecutionException: java.lang.NoClassDefFoundError: org/apache/commons/lang3/Strings
	at java.base/java.util.concurrent.FutureTask.report(FutureTask.java:122)
	at java.base/java.util.concurrent.FutureTask.get(FutureTask.java:205)
	at forge.ai.AiController.chooseSpellAbilityToPlayFromList(AiController.java:1715)
	at forge.ai.AiController.getSpellAbilityToPlay(AiController.java:1599)
	at forge.ai.AiController.chooseSpellAbilityToPlay(AiController.java:1419)
	at forge.ai.PlayerControllerAi.chooseSpellAbilityToPlay(PlayerControllerAi.java:832)
	at forge.headless.HumanPlayerController.chooseSpellAbilityToPlay(HumanPlayerController.java:120)
	at forge.game.phase.PhaseHandler.mainLoopStep(PhaseHandler.java:1056)
	at forge.game.phase.PhaseHandler.mainGameLoop(PhaseHandler.java:1035)
	at forge.game.phase.PhaseHandler.startFirstTurn(PhaseHandler.java:1029)
	at forge.game.GameAction.startGame(GameAction.java:2373)
	at forge.game.Match.startGame(Match.java:92)
	at forge.game.Match.startGame(Match.java:77)
	at forge.headless.HeadlessMatch.lambda$new$0(HeadlessMatch.java:73)
	at java.base/java.lang.Thread.run(Thread.java:1583)
Caused by: java.lang.NoClassDefFoundError: org/apache/commons/lang3/Strings
	at forge.game.trigger.Trigger.looksBackInTime(Trigger.java:686)
	at forge.game.staticability.StaticAbilityDisableTriggers.disabled(StaticAbilityDisableTriggers.java:21)
	at forge.ai.AiController.checkETBEffectsPreparedCard(AiController.java:303)
	at forge.ai.AiController.checkETBEffects(AiController.java:226)
	at forge.ai.AiController.canPlaySpellOrLandBasic(AiController.java:999)
	at forge.ai.AiController.canPlaySa(AiController.java:975)
	at forge.ai.AiController.canPlayAndPayForFace(AiController.java:862)
	at forge.ai.AiController.canPlayAndPayFor(AiController.java:840)
	at forge.ai.AiController.lambda$chooseSpellAbilityToPlayFromList$9(AiController.java:1691)
	at java.base/java.util.concurrent.FutureTask.run(FutureTask.java:317)
	... 1 more
Caused by: java.lang.ClassNotFoundException: org.apache.commons.lang3.Strings
	... 11 more
