SLF4J(W): Class path contains multiple SLF4J providers.
SLF4J(W): Found provider [ch.qos.logback.classic.spi.LogbackServiceProvider@6093dd95]
SLF4J(W): Found provider [org.tinylog.slf4j.TinylogSlf4jServiceProvider@5622fdf]
SLF4J(W): See https://www.slf4j.org/codes.html#multiple_bindings for an explanation.
SLF4J(I): Actual provider is of type [ch.qos.logback.classic.spi.LogbackServiceProvider@6093dd95]
  .   ____          _            __ _ _
 /\\ / ___'_ __ _ _(_)_ __  __ _ \ \ \ \
( ( )\___ | '_ | '_| | '_ \/ _` | \ \ \ \
 \\/  ___)| |_)| | | | | || (_| |  ) ) ) )
  '  |____| .__|_| |_|_| |_\__, | / / / /
 =========|_|==============|___/=/_/_/_/

 :: Spring Boot ::                (v3.3.0)

2026-08-04T11:59:50.864+05:30  INFO 14508 --- [campusforge-backend] [           main] c.c.b.CampusForgeBackendApplication      : Starting CampusForgeBackendApplication v0.0.1-SNAPSHOT using Java 21.0.12 with PID 14508 (C:\Users\student\Desktop\thingamamagicthegathering\2026-08-02 mtgoffline\backend\target\campusforge-backend-0.0.1-SNAPSHOT.jar started by student in C:\Users\student\Desktop\thingamamagicthegathering\2026-08-02 mtgoffline\backend)
2026-08-04T11:59:50.866+05:30  INFO 14508 --- [campusforge-backend] [           main] c.c.b.CampusForgeBackendApplication      : No active profile set, falling back to 1 default profile: "default"
2026-08-04T11:59:51.645+05:30  INFO 14508 --- [campusforge-backend] [           main] .s.d.r.c.RepositoryConfigurationDelegate : Bootstrapping Spring Data JPA repositories in DEFAULT mode.
2026-08-04T11:59:51.702+05:30  INFO 14508 --- [campusforge-backend] [           main] .s.d.r.c.RepositoryConfigurationDelegate : Finished Spring Data repository scanning in 54 ms. Found 14 JPA repository interfaces.
2026-08-04T11:59:52.261+05:30  INFO 14508 --- [campusforge-backend] [           main] o.s.b.w.embedded.tomcat.TomcatWebServer  : Tomcat initialized with port 17172 (http)
2026-08-04T11:59:52.270+05:30  INFO 14508 --- [campusforge-backend] [           main] o.apache.catalina.core.StandardService   : Starting service [Tomcat]
2026-08-04T11:59:52.270+05:30  INFO 14508 --- [campusforge-backend] [           main] o.apache.catalina.core.StandardEngine    : Starting Servlet engine: [Apache Tomcat/10.1.24]
2026-08-04T11:59:52.299+05:30  INFO 14508 --- [campusforge-backend] [           main] o.a.c.c.C.[Tomcat].[localhost].[/]       : Initializing Spring embedded WebApplicationContext
2026-08-04T11:59:52.300+05:30  INFO 14508 --- [campusforge-backend] [           main] w.s.c.ServletWebServerApplicationContext : Root WebApplicationContext: initialization completed in 1374 ms
2026-08-04T11:59:52.598+05:30  INFO 14508 --- [campusforge-backend] [           main] com.zaxxer.hikari.HikariDataSource       : HikariPool-1 - Starting...
2026-08-04T11:59:52.794+05:30  INFO 14508 --- [campusforge-backend] [           main] com.zaxxer.hikari.pool.HikariPool        : HikariPool-1 - Added connection org.postgresql.jdbc.PgConnection@2aea717c
2026-08-04T11:59:52.795+05:30  INFO 14508 --- [campusforge-backend] [           main] com.zaxxer.hikari.HikariDataSource       : HikariPool-1 - Start completed.
2026-08-04T11:59:52.820+05:30  INFO 14508 --- [campusforge-backend] [           main] org.flywaydb.core.FlywayExecutor         : Database: jdbc:postgresql://localhost:5432/campusforge (PostgreSQL 18.4)
2026-08-04T11:59:52.829+05:30  WARN 14508 --- [campusforge-backend] [           main] o.f.c.internal.database.base.Database    : Flyway upgrade recommended: PostgreSQL 18.4 is newer than this version of Flyway and support has not been tested. The latest supported version of PostgreSQL is 16.
2026-08-04T11:59:52.856+05:30  INFO 14508 --- [campusforge-backend] [           main] o.f.core.internal.command.DbValidate     : Successfully validated 12 migrations (execution time 00:00.027s)
2026-08-04T11:59:52.899+05:30  INFO 14508 --- [campusforge-backend] [           main] o.f.core.internal.command.DbMigrate      : Current version of schema "public": 12
2026-08-04T11:59:52.899+05:30  INFO 14508 --- [campusforge-backend] [           main] o.f.core.internal.command.DbMigrate      : Schema "public" is up to date. No migration necessary.
2026-08-04T11:59:53.016+05:30  INFO 14508 --- [campusforge-backend] [           main] o.hibernate.jpa.internal.util.LogHelper  : HHH000204: Processing PersistenceUnitInfo [name: default]
2026-08-04T11:59:53.106+05:30  INFO 14508 --- [campusforge-backend] [           main] org.hibernate.Version                    : HHH000412: Hibernate ORM core version 6.5.2.Final
2026-08-04T11:59:53.156+05:30  INFO 14508 --- [campusforge-backend] [           main] o.h.c.internal.RegionFactoryInitiator    : HHH000026: Second-level cache disabled
2026-08-04T11:59:53.311+05:30  INFO 14508 --- [campusforge-backend] [           main] o.s.o.j.p.SpringPersistenceUnitInfo      : No LoadTimeWeaver setup: ignoring JPA class transformer
2026-08-04T11:59:53.336+05:30  WARN 14508 --- [campusforge-backend] [           main] org.hibernate.orm.deprecation            : HHH90000025: PostgreSQLDialect does not need to be specified explicitly using 'hibernate.dialect' (remove the property setting and it will be selected by default)
2026-08-04T11:59:54.011+05:30  INFO 14508 --- [campusforge-backend] [           main] o.h.e.t.j.p.i.JtaPlatformInitiator       : HHH000489: No JTA platform available (set 'hibernate.transaction.jta.platform' to enable JTA platform integration)
2026-08-04T11:59:54.037+05:30  INFO 14508 --- [campusforge-backend] [           main] j.LocalContainerEntityManagerFactoryBean : Initialized JPA EntityManagerFactory for persistence unit 'default'
2026-08-04T11:59:54.321+05:30  INFO 14508 --- [campusforge-backend] [           main] r$InitializeUserDetailsManagerConfigurer : Global AuthenticationManager configured with UserDetailsService bean with name playerUserDetailsService
2026-08-04T11:59:54.404+05:30  INFO 14508 --- [campusforge-backend] [           main] o.s.d.j.r.query.QueryEnhancerFactory     : Hibernate is in classpath; If applicable, HQL parser will be used.
Language 'en-US' loaded successfully.
(ThreadUtil first call): Running with priority 5
Read cards: 33529 files in 1 ms (25 parts) using thread pool
Upcoming set Star Trek (TRK) dated in the future. All `upcoming` cards will be added to this set with unknown rarity.
Upcoming set Star Trek (TRK) dated in the future. All `upcoming` cards will be added to this set with unknown rarity.
Read cards: 833 files in 0 ms (8 parts) using thread pool
2026-08-04T11:59:58.372+05:30  INFO 14508 --- [campusforge-backend] [           main] c.c.backend.battle.ForgeEngineBootstrap  : Forge engine ready in 3413 ms
2026-08-04T11:59:58.504+05:30  WARN 14508 --- [campusforge-backend] [           main] JpaBaseConfiguration$JpaWebConfiguration : spring.jpa.open-in-view is enabled by default. Therefore, database queries may be performed during view rendering. Explicitly configure spring.jpa.open-in-view to disable this warning
2026-08-04T11:59:58.739+05:30  INFO 14508 --- [campusforge-backend] [           main] o.s.s.web.DefaultSecurityFilterChain     : Will secure any request with [org.springframework.security.web.session.DisableEncodeUrlFilter@24c28909, org.springframework.security.web.context.request.async.WebAsyncManagerIntegrationFilter@6aa2ffd3, org.springframework.security.web.context.SecurityContextHolderFilter@592e1c4f, org.springframework.security.web.header.HeaderWriterFilter@627b0e71, org.springframework.web.filter.CorsFilter@12e7664b, org.springframework.security.web.authentication.logout.LogoutFilter@72efba55, com.campusforge.backend.security.JwtAuthenticationFilter@68e6856c, org.springframework.security.web.savedrequest.RequestCacheAwareFilter@47786165, org.springframework.security.web.servletapi.SecurityContextHolderAwareRequestFilter@7b8b458e, org.springframework.security.web.authentication.AnonymousAuthenticationFilter@5c77cb42, org.springframework.security.web.session.SessionManagementFilter@3a6dd085, org.springframework.security.web.access.ExceptionTranslationFilter@2b2c7991, org.springframework.security.web.access.intercept.AuthorizationFilter@1b4abc8e]
2026-08-04T11:59:58.881+05:30  INFO 14508 --- [campusforge-backend] [           main] o.s.b.w.embedded.tomcat.TomcatWebServer  : Tomcat started on port 17172 (http) with context path '/'
2026-08-04T11:59:58.881+05:30  INFO 14508 --- [campusforge-backend] [           main] o.s.m.s.b.SimpleBrokerMessageHandler     : Starting...
2026-08-04T11:59:58.881+05:30  INFO 14508 --- [campusforge-backend] [           main] o.s.m.s.b.SimpleBrokerMessageHandler     : BrokerAvailabilityEvent[available=true, SimpleBrokerMessageHandler [org.springframework.messaging.simp.broker.DefaultSubscriptionRegistry@449464fb]]
2026-08-04T11:59:58.881+05:30  INFO 14508 --- [campusforge-backend] [           main] o.s.m.s.b.SimpleBrokerMessageHandler     : Started.
2026-08-04T11:59:58.881+05:30  INFO 14508 --- [campusforge-backend] [           main] c.c.b.CampusForgeBackendApplication      : Started CampusForgeBackendApplication in 8.31 seconds (process running for 8.782)
Hibernate: select c1_0.id from cards c1_0 where c1_0.oracle_id=? fetch first ? rows only
Hibernate: select c1_0.id from cards c1_0 where c1_0.oracle_id=? fetch first ? rows only
Hibernate: select c1_0.id from cards c1_0 where c1_0.oracle_id=? fetch first ? rows only
Hibernate: select c1_0.id from cards c1_0 where c1_0.oracle_id=? fetch first ? rows only
Hibernate: select c1_0.id from cards c1_0 where c1_0.oracle_id=? fetch first ? rows only
Hibernate: select c1_0.id from cards c1_0 where c1_0.oracle_id=? fetch first ? rows only
Hibernate: select c1_0.id from cards c1_0 where c1_0.oracle_id=? fetch first ? rows only
Hibernate: select c1_0.id from cards c1_0 where c1_0.oracle_id=? fetch first ? rows only
Hibernate: select c1_0.id from cards c1_0 where c1_0.oracle_id=? fetch first ? rows only
Hibernate: select c1_0.id from cards c1_0 where c1_0.oracle_id=? fetch first ? rows only
Hibernate: select c1_0.id from cards c1_0 where c1_0.oracle_id=? fetch first ? rows only
Hibernate: select c1_0.id from cards c1_0 where c1_0.oracle_id=? fetch first ? rows only
Hibernate: select c1_0.id from cards c1_0 where c1_0.oracle_id=? fetch first ? rows only
Hibernate: select c1_0.id from cards c1_0 where c1_0.oracle_id=? fetch first ? rows only
Hibernate: select c1_0.id from cards c1_0 where c1_0.oracle_id=? fetch first ? rows only
Hibernate: select f1_0.id,f1_0.basics_unlimited,f1_0.code,f1_0.commander_required,f1_0.max_copies,f1_0.max_deck_size,f1_0.min_deck_size,f1_0.name from formats f1_0
Hibernate: select count(*) from card_legalities cl1_0
2026-08-04T11:59:58.971+05:30  INFO 14508 --- [campusforge-backend] [           main] c.c.backend.config.FormatLegalSeeder     : Card legalities already seeded, skipping.
Hibernate: select count(*) from cards c1_0
Hibernate: select count(*) from cards c1_0
2026-08-04T11:59:58.975+05:30  INFO 14508 --- [campusforge-backend] [           main] c.c.backend.config.CardCatalogSeeder     : Card catalog already seeded (31 cards), skipping.
2026-08-04T12:00:01.566+05:30  INFO 14508 --- [campusforge-backend] [io-17172-exec-1] o.a.c.c.C.[Tomcat].[localhost].[/]       : Initializing Spring DispatcherServlet 'dispatcherServlet'
2026-08-04T12:00:01.566+05:30  INFO 14508 --- [campusforge-backend] [io-17172-exec-1] o.s.web.servlet.DispatcherServlet        : Initializing Servlet 'dispatcherServlet'
2026-08-04T12:00:01.567+05:30  INFO 14508 --- [campusforge-backend] [io-17172-exec-1] o.s.web.servlet.DispatcherServlet        : Completed initialization in 1 ms
2026-08-04T12:00:01.576+05:30 DEBUG 14508 --- [campusforge-backend] [io-17172-exec-1] o.s.security.web.FilterChainProxy        : Securing POST /api/v1/auth/login
2026-08-04T12:00:01.582+05:30 DEBUG 14508 --- [campusforge-backend] [io-17172-exec-1] o.s.s.w.a.AnonymousAuthenticationFilter  : Set SecurityContextHolder to anonymous SecurityContext
2026-08-04T12:00:01.583+05:30 DEBUG 14508 --- [campusforge-backend] [io-17172-exec-1] o.s.security.web.FilterChainProxy        : Secured POST /api/v1/auth/login
Hibernate: select p1_0.id,p1_0.avatar,p1_0.banned,p1_0.banned_at,p1_0.created,p1_0.degree_level,p1_0.display_name,p1_0.email,p1_0.experience,p1_0.last_login,p1_0.level,p1_0.password_hash,p1_0.role,p1_0.specialization,p1_0.student_id from players p1_0 where p1_0.email=?
2026-08-04T12:00:01.740+05:30 DEBUG 14508 --- [campusforge-backend] [io-17172-exec-1] o.s.s.a.dao.DaoAuthenticationProvider    : Authenticated user
Hibernate: select p1_0.id,p1_0.avatar,p1_0.banned,p1_0.banned_at,p1_0.created,p1_0.degree_level,p1_0.display_name,p1_0.email,p1_0.experience,p1_0.last_login,p1_0.level,p1_0.password_hash,p1_0.role,p1_0.specialization,p1_0.student_id from players p1_0 where p1_0.email=?
Hibernate: update players set avatar=?,banned=?,banned_at=?,created=?,degree_level=?,display_name=?,email=?,experience=?,last_login=?,level=?,password_hash=?,role=?,specialization=?,student_id=? where id=?
2026-08-04T12:00:19.348+05:30 DEBUG 14508 --- [campusforge-backend] [io-17172-exec-3] o.s.security.web.FilterChainProxy        : Securing POST /api/v1/auth/login
2026-08-04T12:00:19.348+05:30 DEBUG 14508 --- [campusforge-backend] [io-17172-exec-3] o.s.s.w.a.AnonymousAuthenticationFilter  : Set SecurityContextHolder to anonymous SecurityContext
2026-08-04T12:00:19.348+05:30 DEBUG 14508 --- [campusforge-backend] [io-17172-exec-3] o.s.security.web.FilterChainProxy        : Secured POST /api/v1/auth/login
Hibernate: select p1_0.id,p1_0.avatar,p1_0.banned,p1_0.banned_at,p1_0.created,p1_0.degree_level,p1_0.display_name,p1_0.email,p1_0.experience,p1_0.last_login,p1_0.level,p1_0.password_hash,p1_0.role,p1_0.specialization,p1_0.student_id from players p1_0 where p1_0.email=?
2026-08-04T12:00:19.395+05:30 DEBUG 14508 --- [campusforge-backend] [io-17172-exec-3] o.s.s.a.dao.DaoAuthenticationProvider    : Authenticated user
Hibernate: select p1_0.id,p1_0.avatar,p1_0.banned,p1_0.banned_at,p1_0.created,p1_0.degree_level,p1_0.display_name,p1_0.email,p1_0.experience,p1_0.last_login,p1_0.level,p1_0.password_hash,p1_0.role,p1_0.specialization,p1_0.student_id from players p1_0 where p1_0.email=?
Hibernate: update players set avatar=?,banned=?,banned_at=?,created=?,degree_level=?,display_name=?,email=?,experience=?,last_login=?,level=?,password_hash=?,role=?,specialization=?,student_id=? where id=?
2026-08-04T12:00:19.432+05:30 DEBUG 14508 --- [campusforge-backend] [io-17172-exec-4] o.s.security.web.FilterChainProxy        : Securing GET /api/v1/admin/events
Hibernate: select p1_0.id,p1_0.avatar,p1_0.banned,p1_0.banned_at,p1_0.created,p1_0.degree_level,p1_0.display_name,p1_0.email,p1_0.experience,p1_0.last_login,p1_0.level,p1_0.password_hash,p1_0.role,p1_0.specialization,p1_0.student_id from players p1_0 where p1_0.email=?
2026-08-04T12:00:19.482+05:30 DEBUG 14508 --- [campusforge-backend] [io-17172-exec-4] o.s.s.w.access.AccessDeniedHandlerImpl   : Responding with 403 status code
2026-08-04T12:00:19.482+05:30 DEBUG 14508 --- [campusforge-backend] [io-17172-exec-4] o.s.security.web.FilterChainProxy        : Securing GET /error
2026-08-04T12:00:19.482+05:30 DEBUG 14508 --- [campusforge-backend] [io-17172-exec-4] o.s.s.w.a.AnonymousAuthenticationFilter  : Set SecurityContextHolder to anonymous SecurityContext
2026-08-04T12:00:19.482+05:30 DEBUG 14508 --- [campusforge-backend] [io-17172-exec-5] o.s.security.web.FilterChainProxy        : Securing GET /api/v1/players/me
Hibernate: select p1_0.id,p1_0.avatar,p1_0.banned,p1_0.banned_at,p1_0.created,p1_0.degree_level,p1_0.display_name,p1_0.email,p1_0.experience,p1_0.last_login,p1_0.level,p1_0.password_hash,p1_0.role,p1_0.specialization,p1_0.student_id from players p1_0 where p1_0.email=?
2026-08-04T12:00:19.499+05:30 DEBUG 14508 --- [campusforge-backend] [io-17172-exec-5] o.s.security.web.FilterChainProxy        : Secured GET /api/v1/players/me
2026-08-04T12:00:19.499+05:30 DEBUG 14508 --- [campusforge-backend] [io-17172-exec-5] o.s.security.web.FilterChainProxy        : Securing GET /error
2026-08-04T12:00:19.499+05:30 DEBUG 14508 --- [campusforge-backend] [io-17172-exec-5] o.s.s.w.a.AnonymousAuthenticationFilter  : Set SecurityContextHolder to anonymous SecurityContext
2026-08-04T12:00:19.499+05:30 DEBUG 14508 --- [campusforge-backend] [io-17172-exec-6] o.s.security.web.FilterChainProxy        : Securing GET /api/v1/events
Hibernate: select p1_0.id,p1_0.avatar,p1_0.banned,p1_0.banned_at,p1_0.created,p1_0.degree_level,p1_0.display_name,p1_0.email,p1_0.experience,p1_0.last_login,p1_0.level,p1_0.password_hash,p1_0.role,p1_0.specialization,p1_0.student_id from players p1_0 where p1_0.email=?
2026-08-04T12:00:19.509+05:30 DEBUG 14508 --- [campusforge-backend] [io-17172-exec-6] o.s.security.web.FilterChainProxy        : Secured GET /api/v1/events
Hibernate: select e1_0.id,e1_0.active,e1_0.allowed_sets_json,e1_0.bonus_multiplier,e1_0.created_at,e1_0.end_time,e1_0.name,e1_0.start_time from events e1_0 order by e1_0.start_time desc
2026-08-04T12:00:58.883+05:30  INFO 14508 --- [campusforge-backend] [MessageBroker-1] o.s.w.s.c.WebSocketMessageBrokerStats    : WebSocketSession[0 current WS(0)-HttpStream(0)-HttpPoll(0), 0 total, 0 closed abnormally (0 connect failure, 0 send limit, 0 transport error)], stompSubProtocol[processed CONNECT(0)-CONNECTED(0)-DISCONNECT(0)], stompBrokerRelay[null], inboundChannel[pool size = 0, active threads = 0, queued tasks = 0, completed tasks = 0], outboundChannel[pool size = 0, active threads = 0, queued tasks = 0, completed tasks = 0], sockJsScheduler[pool size = 1, active threads = 1, queued tasks = 0, completed tasks = 0]
